// Jest Snapshot v1, https://goo.gl/fbAQLP

exports[`should render ExpenseListItem with expense 1`] = `
<div>
  <Link
    to="/edit/id1"
  >
    <h3>
      Coffee
    </h3>
  </Link>
  <p>
    1.95 $
     - 
    1st of January, 1970
  </p>
</div>
`;
